******************************************************************************
                  TI ARM Linker PC v18.12.3                    
******************************************************************************
>> Linked Tue Oct 29 19:57:17 2019

OUTPUT FILE NAME:   <A05_PLL.out>
ENTRY POINT SYMBOL: "_c_int00_noinit_noargs"  address: 000003a5


MEMORY CONFIGURATION

         name            origin    length      used     unused   attr    fill
----------------------  --------  ---------  --------  --------  ----  --------
  FLASH                 00000000   00040000  000003e4  0003fc1c  R  X
  SRAM                  20000000   00008000  00000004  00007ffc  RW X


SEGMENT ALLOCATION MAP

run origin  load origin   length   init length attrs members
----------  ----------- ---------- ----------- ----- -------
00000000    00000000    000003e4   000003e4    r-x
  00000000    00000000    0000026c   0000026c    r-- .intvecs
  0000026c    0000026c    00000178   00000178    r-x .text
20000000    20000000    00000004   00000000    rw-
  20000000    20000000    00000004   00000000    rw- .stack


SECTION ALLOCATION MAP

 output                                  attributes/
section   page    origin      length       input sections
--------  ----  ----------  ----------   ----------------
.intvecs   0    00000000    0000026c     
                  00000000    0000026c     tm4c123gh6pm_startup_ccs.obj (.intvecs)

.text      0    0000026c    00000178     
                  0000026c    000000d6     main.obj (.text)
                  00000342    00000002     --HOLE-- [fill = 0]
                  00000344    00000060     PLL.obj (.text)
                  000003a4    0000002c     rtsv7M4_T_le_v4SPD16_eabi.lib : boot_cortex_m.c.obj (.text:_c_int00_noinit_noargs:_c_int00_noinit_noargs)
                  000003d0    0000000c     tm4c123gh6pm_startup_ccs.obj (.text)
                  000003dc    00000004     rtsv7M4_T_le_v4SPD16_eabi.lib : pre_init.c.obj (.text:_system_pre_init)
                  000003e0    00000004                                   : exit.c.obj (.text:abort:abort)

.cinit     0    00000000    00000000     UNINITIALIZED

.init_array 
*          0    00000000    00000000     UNINITIALIZED

.stack     0    20000000    00000004     UNINITIALIZED
                  20000000    00000004     rtsv7M4_T_le_v4SPD16_eabi.lib : boot_cortex_m.c.obj (.stack)

MODULE SUMMARY

       Module                         code   ro data   rw data
       ------                         ----   -------   -------
    .\
       tm4c123gh6pm_startup_ccs.obj   12     620       0      
       main.obj                       214    0         0      
       PLL.obj                        96     0         0      
    +--+------------------------------+------+---------+---------+
       Total:                         322    620       0      
                                                              
    C:\ti\ccs920\ccs\tools\compiler\ti-cgt-arm_18.12.3.LTS\lib\rtsv7M4_T_le_v4SPD16_eabi.lib
       boot_cortex_m.c.obj            44     0         0      
       exit.c.obj                     4      0         0      
       pre_init.c.obj                 4      0         0      
    +--+------------------------------+------+---------+---------+
       Total:                         52     0         0      
                                                              
       Stack:                         0      0         4      
    +--+------------------------------+------+---------+---------+
       Grand Total:                   374    620       4      


GLOBAL SYMBOLS: SORTED ALPHABETICALLY BY Name 

address   name                  
-------   ----                  
000003e1  C$$EXIT               
00000351  PLL_Init              
000003d1  ResetISR              
20000004  __STACK_END           
00000004  __STACK_SIZE          
20000200  __STACK_TOP           
ffffffff  __TI_pprof_out_hndl   
ffffffff  __TI_prof_data_size   
ffffffff  __TI_prof_data_start  
00000000  __TI_static_base__    
ffffffff  __binit__             
ffffffff  __c_args__            
UNDEFED   __mpu_init            
20000000  __stack               
000003a5  _c_int00_noinit_noargs
000003dd  _system_pre_init      
000003e1  abort                 
ffffffff  binit                 
00000000  g_pfnVectors          
000002a3  main                  


GLOBAL SYMBOLS: SORTED BY Symbol Address 

address   name                  
-------   ----                  
00000000  __TI_static_base__    
00000000  g_pfnVectors          
00000004  __STACK_SIZE          
000002a3  main                  
00000351  PLL_Init              
000003a5  _c_int00_noinit_noargs
000003d1  ResetISR              
000003dd  _system_pre_init      
000003e1  C$$EXIT               
000003e1  abort                 
20000000  __stack               
20000004  __STACK_END           
20000200  __STACK_TOP           
ffffffff  __TI_pprof_out_hndl   
ffffffff  __TI_prof_data_size   
ffffffff  __TI_prof_data_start  
ffffffff  __binit__             
ffffffff  __c_args__            
ffffffff  binit                 
UNDEFED   __mpu_init            

[20 symbols]
